// Vitest Snapshot v1, https://vitest.dev/guide/snapshot.html

exports[`sum() > matches with the result snapshot 1`] = `11`;
